// Vitest Snapshot v1, https://vitest.dev/guide/snapshot.html

exports[`Report > renders a multiline label and note 1`] = `
"[E01] Error: Invalid expression
   ╭─[example.ts:1:1]
   │
 1 │ ╭─▶ const value = {
 2 │ │     left: 1,
   · │           ┬  
   · │           ╰── This is a number
 3 │ │     right: "1",
   · │            ─┬─  
   · │             ╰─── This is a string
 4 │ ├─▶ }
   · │       
   · ╰─────── Fields use incompatible types
   ·     
   ·     Note: Object fields must agree
───╯
"
`;

exports[`Report > renders an inline label 1`] = `
"[E01] Error: Invalid expression
   ╭─[example.ts:1:1]
   │
 1 │ const answer = false
   ·                ──┬──  
   ·                  ╰──── Expected a number
───╯
"
`;

exports[`Report > serializes layout IR and renders every backend > ANSI 1`] = `
"[31m[E01] Error:[39m Invalid expression
   [38;5;246m╭─[[39mexample.ts:1:1[38;5;246m][39m
   [38;5;246m│[39m
 [38;5;246m1 │[39m [38;5;249mconst answer = [39m[34mfalse[39m
 [38;5;246m  ·[39m                [34m──┬──[39m  
 [38;5;246m  ·[39m                  [34m╰────[39m Expected a number
[38;5;246m───╯[39m
"
`;

exports[`Report > serializes layout IR and renders every backend > IR 1`] = `
{
  "maxWidth": 80,
  "spans": [
    {
      "foreground": {
        "kind": "named",
        "name": "red",
      },
      "text": "[E01] Error:",
    },
    {
      "text": " Invalid expression
   ",
    },
    {
      "foreground": {
        "index": 246,
        "kind": "ansi256",
      },
      "text": "╭─[",
    },
    {
      "text": "example.ts:1:1",
    },
    {
      "foreground": {
        "index": 246,
        "kind": "ansi256",
      },
      "text": "]",
    },
    {
      "text": "
   ",
    },
    {
      "foreground": {
        "index": 246,
        "kind": "ansi256",
      },
      "text": "│",
    },
    {
      "text": "
 ",
    },
    {
      "foreground": {
        "index": 246,
        "kind": "ansi256",
      },
      "text": "1 │",
    },
    {
      "text": " ",
    },
    {
      "foreground": {
        "index": 249,
        "kind": "ansi256",
      },
      "text": "const answer = ",
    },
    {
      "foreground": {
        "kind": "named",
        "name": "blue",
      },
      "text": "false",
    },
    {
      "text": "
 ",
    },
    {
      "foreground": {
        "index": 246,
        "kind": "ansi256",
      },
      "text": "  ·",
    },
    {
      "text": "                ",
    },
    {
      "foreground": {
        "kind": "named",
        "name": "blue",
      },
      "text": "──┬──",
    },
    {
      "text": "  
 ",
    },
    {
      "foreground": {
        "index": 246,
        "kind": "ansi256",
      },
      "text": "  ·",
    },
    {
      "text": "                  ",
    },
    {
      "foreground": {
        "kind": "named",
        "name": "blue",
      },
      "text": "╰────",
    },
    {
      "text": " Expected a number
",
    },
    {
      "foreground": {
        "index": 246,
        "kind": "ansi256",
      },
      "text": "───╯",
    },
    {
      "text": "
",
    },
  ],
  "version": 1,
}
`;

exports[`Report > serializes layout IR and renders every backend > plain 1`] = `
"[E01] Error: Invalid expression
   ╭─[example.ts:1:1]
   │
 1 │ const answer = false
   ·                ──┬──  
   ·                  ╰──── Expected a number
───╯
"
`;
